TypeDefinition tests/src/TypeDefinition.res 4:4
{"uri": "TypeDefinition.res", "range": {"start": {"line": 0, "character": 0}, "end": {"line": 0, "character": 24}}}

TypeDefinition tests/src/TypeDefinition.res 7:4
{"uri": "TypeDefinition.res", "range": {"start": {"line": 2, "character": 0}, "end": {"line": 2, "character": 28}}}

TypeDefinition tests/src/TypeDefinition.res 12:4
{"uri": "TypeDefinition.res", "range": {"start": {"line": 10, "character": 0}, "end": {"line": 10, "character": 26}}}

TypeDefinition tests/src/TypeDefinition.res 15:13
{"uri": "TypeDefinition.res", "range": {"start": {"line": 2, "character": 0}, "end": {"line": 2, "character": 28}}}

TypeDefinition tests/src/TypeDefinition.res 19:9
{"uri": "TypeDefinition.res", "range": {"start": {"line": 0, "character": 0}, "end": {"line": 0, "character": 24}}}

